<html>
<body>
<pre>
<h1>µVision Build Log</h1>
<h2>Tool Versions:</h2>
IDE-Version: ¦ÌVision V5.38.0.0
Copyright (C) 2022 ARM Ltd and ARM Germany GmbH. All rights reserved.
License Information: chengzi PC, asdads, LIC=BUURY-ITZEU-UHB8H-WPVCB-VQY6I-AR059
 
Tool Versions:
Toolchain:       MDK-ARM Plus  Version: 5.38.0.0
Toolchain Path:  C:\Keil_v5\ARM\arm5_compiler\Bin
C Compiler:      Armcc.exe V5.06 update 7 (build 960)
Assembler:       Armasm.exe V5.06 update 7 (build 960)
Linker/Locator:  ArmLink.exe V5.06 update 7 (build 960)
Library Manager: ArmAr.exe V5.06 update 7 (build 960)
Hex Converter:   FromElf.exe V5.06 update 7 (build 960)
CPU DLL:         SARMCM3.DLL V5.38.0.0
Dialog DLL:      DCM.DLL V1.17.5.0
Target DLL:      STLink\ST-LINKIII-KEIL_SWO.dll V3.1.0.0
Dialog DLL:      TCM.DLL V1.56.4.0
 
<h2>Project:</h2>
C:\Users\PC\Desktop\Bootloader\BMS_V1.0.0\BootLoader+APP\APP_LED\MDK-ARM\APP_LED.uvprojx
Project File Date:  06/12/2026

<h2>Output:</h2>
*** Using Compiler 'V5.06 update 7 (build 960)', folder: 'C:\Keil_v5\ARM\arm5_compiler\Bin'
Rebuild target 'APP_LED'
assembling startup_stm32f407xx.s...
compiling stm32f4xx_it.c...
compiling usart.c...
compiling fsmc.c...
compiling isotp.c...
compiling uds.c...
..\Core\Src\uds.c(92): warning:  #177-D: variable "p2s_l"  was declared but never referenced
      uint8_t p2 = 0x32, p2s_h = 0x13, p2s_l = 0x88;
..\Core\Src\uds.c: 1 warning, 0 errors
compiling lcd.c...
compiling stm32f4xx_hal_flash_ex.c...
compiling stm32f4xx_hal_msp.c...
compiling stm32f4xx_hal_flash.c...
compiling stm32f4xx_hal_rcc_ex.c...
compiling gpio.c...
compiling can.c...
compiling stm32f4xx_hal_rcc.c...
compiling doip.c...
..\DOIP\doip.c(33): warning:  #177-D: variable "doip_rx_complete"  was declared but never referenced
  static uint8_t  doip_rx_complete = 0;
..\DOIP\doip.c(37): warning:  #177-D: variable "doip_tx_buf"  was declared but never referenced
  static uint8_t  doip_tx_buf[DOIP_TX_BUF_SIZE];
..\DOIP\doip.c(38): warning:  #177-D: variable "doip_tx_len"  was declared but never referenced
  static uint16_t doip_tx_len = 0;
..\DOIP\doip.c(39): warning:  #177-D: variable "doip_tx_pending"  was declared but never referenced
  static uint8_t  doip_tx_pending = 0;
..\DOIP\doip.c(42): warning:  #550-D: variable "doip_client_ip"  was set but never used
  static ip_addr_t doip_client_ip;
..\DOIP\doip.c: 5 warnings, 0 errors
compiling main.c...
compiling stm32f4xx_hal_pwr_ex.c...
compiling stm32f4xx_hal_flash_ramfunc.c...
compiling stm32f4xx_hal_cortex.c...
compiling stm32f4xx_hal_gpio.c...
compiling lv_disp.c...
compiling lv_event.c...
..\lvgl\src\core\lv_event.c(120): warning:  #188-D: enumerated type mixed with another type
      return e->code & ~LV_EVENT_PREPROCESS;
..\lvgl\src\core\lv_event.c: 1 warning, 0 errors
compiling stm32f4xx_hal_pwr.c...
compiling stm32f4xx_hal_eth.c...
compiling stm32f4xx_hal_dma_ex.c...
compiling lv_group.c...
compiling stm32f4xx_hal_sram.c...
compiling lv_indev.c...
compiling stm32f4xx_hal_can.c...
compiling lv_indev_scroll.c...
compiling stm32f4xx_ll_fsmc.c...
compiling lv_obj_class.c...
compiling lv_obj_draw.c...
compiling lv_obj.c...
compiling stm32f4xx_hal.c...
compiling lv_obj_style.c...
compiling lv_obj_pos.c...
compiling lv_obj_tree.c...
compiling lv_obj_style_gen.c...
compiling lv_obj_scroll.c...
compiling stm32f4xx_hal_nor.c...
compiling stm32f4xx_hal_dma.c...
compiling lv_refr.c...
compiling lv_draw.c...
compiling lv_theme.c...
compiling lv_draw_arc.c...
compiling lv_draw_line.c...
compiling lv_draw_rect.c...
compiling lv_draw_img.c...
compiling lv_draw_triangle.c...
compiling lv_draw_label.c...
compiling lv_img_cache.c...
compiling lv_gpu_nxp_pxp.c...
compiling lv_img_buf.c...
compiling lv_img_decoder.c...
compiling lv_draw_mask.c...
compiling lv_gpu_nxp_pxp_osa.c...
compiling lv_gpu_nxp_vglite.c...
compiling lv_draw_sdl_arc.c...
compiling lv_draw_sdl.c...
compiling lv_draw_sdl_img.c...
compiling lv_draw_sdl_bg.c...
compiling lv_draw_sdl_composite.c...
compiling lv_draw_sdl_label.c...
compiling lv_draw_sdl_line.c...
compiling lv_draw_sdl_mask.c...
compiling lv_draw_sdl_polygon.c...
compiling lv_draw_sdl_rect.c...
compiling lv_draw_sdl_stack_blur.c...
compiling lv_draw_sdl_texture_cache.c...
compiling lv_draw_sdl_utils.c...
compiling lv_draw_sw.c...
compiling lv_gpu_stm32_dma2d.c...
compiling lv_draw_sw_dither.c...
compiling lv_draw_sw_arc.c...
compiling lv_draw_sw_gradient.c...
compiling lv_draw_sw_polygon.c...
compiling lv_draw_sw_blend.c...
compiling lv_draw_sw_img.c...
compiling lv_draw_sw_letter.c...
compiling lv_draw_sw_line.c...
compiling lv_extra.c...
compiling lv_flex.c...
..\lvgl\src\extra\layouts\flex\lv_flex.c(97): warning:  #188-D: enumerated type mixed with another type
      LV_STYLE_FLEX_MAIN_PLACE = lv_style_register_prop() | LV_STYLE_PROP_LAYOUT_REFR;
..\lvgl\src\extra\layouts\flex\lv_flex.c(98): warning:  #188-D: enumerated type mixed with another type
      LV_STYLE_FLEX_CROSS_PLACE = lv_style_register_prop() | LV_STYLE_PROP_LAYOUT_REFR;
..\lvgl\src\extra\layouts\flex\lv_flex.c(99): warning:  #188-D: enumerated type mixed with another type
      LV_STYLE_FLEX_TRACK_PLACE = lv_style_register_prop() | LV_STYLE_PROP_LAYOUT_REFR;
..\lvgl\src\extra\layouts\flex\lv_flex.c: 3 warnings, 0 errors
compiling lv_draw_sw_rect.c...
..\lvgl\src\draw\sw\lv_draw_sw_rect.c(239): warning:  #546-D: transfer of control bypasses initialization of:
            variable "mask_any_center"  (declared at line 286)
          goto bg_clean_up;
          ^
..\lvgl\src\draw\sw\lv_draw_sw_rect.c: 1 warning, 0 errors
compiling lv_bmp.c...
compiling lv_grid.c...
..\lvgl\src\extra\layouts\grid\lv_grid.c(134): warning:  #188-D: enumerated type mixed with another type
      LV_STYLE_GRID_COLUMN_DSC_ARRAY = lv_style_register_prop() | LV_STYLE_PROP_LAYOUT_REFR;
..\lvgl\src\extra\layouts\grid\lv_grid.c(135): warning:  #188-D: enumerated type mixed with another type
      LV_STYLE_GRID_ROW_DSC_ARRAY = lv_style_register_prop() | LV_STYLE_PROP_LAYOUT_REFR;
..\lvgl\src\extra\layouts\grid\lv_grid.c(136): warning:  #188-D: enumerated type mixed with another type
      LV_STYLE_GRID_COLUMN_ALIGN = lv_style_register_prop() | LV_STYLE_PROP_LAYOUT_REFR;
..\lvgl\src\extra\layouts\grid\lv_grid.c(137): warning:  #188-D: enumerated type mixed with another type
      LV_STYLE_GRID_ROW_ALIGN = lv_style_register_prop() | LV_STYLE_PROP_LAYOUT_REFR;
..\lvgl\src\extra\layouts\grid\lv_grid.c(139): warning:  #188-D: enumerated type mixed with another type
      LV_STYLE_GRID_CELL_ROW_SPAN = lv_style_register_prop() | LV_STYLE_PROP_LAYOUT_REFR;
..\lvgl\src\extra\layouts\grid\lv_grid.c(140): warning:  #188-D: enumerated type mixed with another type
      LV_STYLE_GRID_CELL_ROW_POS = lv_style_register_prop() | LV_STYLE_PROP_LAYOUT_REFR;
..\lvgl\src\extra\layouts\grid\lv_grid.c(141): warning:  #188-D: enumerated type mixed with another type
      LV_STYLE_GRID_CELL_COLUMN_SPAN = lv_style_register_prop() | LV_STYLE_PROP_LAYOUT_REFR;
..\lvgl\src\extra\layouts\grid\lv_grid.c(142): warning:  #188-D: enumerated type mixed with another type
      LV_STYLE_GRID_CELL_COLUMN_POS = lv_style_register_prop() | LV_STYLE_PROP_LAYOUT_REFR;
..\lvgl\src\extra\layouts\grid\lv_grid.c(143): warning:  #188-D: enumerated type mixed with another type
      LV_STYLE_GRID_CELL_X_ALIGN = lv_style_register_prop() | LV_STYLE_PROP_LAYOUT_REFR;
..\lvgl\src\extra\layouts\grid\lv_grid.c(144): warning:  #188-D: enumerated type mixed with another type
      LV_STYLE_GRID_CELL_Y_ALIGN = lv_style_register_prop() | LV_STYLE_PROP_LAYOUT_REFR;
..\lvgl\src\extra\layouts\grid\lv_grid.c(589): warning:  #188-D: enumerated type mixed with another type
      lv_grid_align_t col_align = get_cell_col_align(item);
..\lvgl\src\extra\layouts\grid\lv_grid.c(590): warning:  #188-D: enumerated type mixed with another type
      lv_grid_align_t row_align = get_cell_row_align(item);
..\lvgl\src\extra\layouts\grid\lv_grid.c: 12 warnings, 0 errors
compiling lv_ffmpeg.c...
compiling lv_freetype.c...
compiling gifdec.c...
compiling lv_fs_posix.c...
compiling lv_fs_fatfs.c...
compiling stm32f4xx_hal_exti.c...
compiling lv_fs_stdio.c...
compiling lv_fs_win32.c...
compiling lv_gif.c...
compiling lodepng.c...
compiling lv_gridnav.c...
compiling lv_snapshot.c...
compiling tjpgd.c...
compiling lv_png.c...
compiling lv_rlottie.c...
compiling lv_monkey.c...
compiling lv_theme_basic.c...
compiling lv_sjpg.c...
compiling lv_calendar_header_arrow.c...
compiling lv_animimg.c...
compiling lv_calendar_header_dropdown.c...
compiling lv_theme_mono.c...
compiling lv_theme_default.c...
..\lvgl\src\extra\themes\default\lv_theme_default.c(213): warning:  #188-D: enumerated type mixed with another type
..\lvgl\src\extra\themes\default\lv_theme_default.c: 1 warning, 0 errors
compiling lv_calendar.c...
compiling lv_keyboard.c...
compiling lv_imgbtn.c...
compiling lv_colorwheel.c...
compiling lv_led.c...
compiling lv_list.c...
compiling lv_menu.c...
compiling lv_chart.c...
compiling lv_msgbox.c...
compiling lv_font.c...
compiling lv_spinner.c...
compiling lv_spinbox.c...
compiling lv_tileview.c...
compiling lv_meter.c...
compiling lv_tabview.c...
compiling lv_span.c...
..\lvgl\src\extra\widgets\span\lv_span.c(881): warning:  #546-D: transfer of control bypasses initialization of:
            variable "align"  (declared at line 885)
              goto Next_line_init;
              ^
..\lvgl\src\extra\widgets\span\lv_span.c: 1 warning, 0 errors
compiling lv_win.c...
compiling lv_font_fmt_txt.c...
..\lvgl\src\font\lv_font_fmt_txt.c(137): warning:  #111-D: statement is unreachable
      return NULL;
..\lvgl\src\font\lv_font_fmt_txt.c: 1 warning, 0 errors
compiling lv_font_dejavu_16_persian_hebrew.c...
compiling lv_font_montserrat_8.c...
compiling lv_font_loader.c...
compiling lv_font_montserrat_10.c...
compiling lv_font_montserrat_12.c...
compiling lv_font_montserrat_14.c...
compiling lv_font_montserrat_12_subpx.c...
compiling lv_font_montserrat_16.c...
compiling lv_font_montserrat_18.c...
compiling lv_font_montserrat_24.c...
compiling lv_font_montserrat_20.c...
compiling lv_font_montserrat_22.c...
compiling lv_font_montserrat_26.c...
compiling lv_font_montserrat_28.c...
compiling lv_font_montserrat_28_compressed.c...
compiling lv_font_montserrat_30.c...
compiling lv_font_montserrat_34.c...
compiling lv_font_montserrat_36.c...
compiling lv_font_montserrat_32.c...
compiling lv_font_montserrat_38.c...
compiling lv_font_montserrat_40.c...
compiling lv_font_montserrat_42.c...
compiling lv_font_montserrat_44.c...
compiling lv_font_montserrat_46.c...
compiling lv_font_montserrat_48.c...
compiling lv_hal_tick.c...
compiling lv_font_unscii_8.c...
compiling lv_anim_timeline.c...
compiling lv_font_simsun_16_cjk.c...
compiling lv_async.c...
compiling lv_anim.c...
compiling lv_hal_indev.c...
compiling lv_area.c...
compiling lv_font_unscii_16.c...
compiling lv_bidi.c...
compiling lv_hal_disp.c...
..\lvgl\src\hal\lv_hal_disp.c(573): warning:  #188-D: enumerated type mixed with another type
      return disp->driver->rotated;
..\lvgl\src\hal\lv_hal_disp.c: 1 warning, 0 errors
compiling lv_color.c...
compiling lv_gc.c...
compiling lv_ll.c...
compiling lv_log.c...
compiling lv_fs.c...
compiling lv_lru.c...
..\lvgl\src\misc\lv_lru.c(313): warning:  #68-D: integer conversion resulted in a change of sign
      uint32_t i = 0, min_index = -1;
..\lvgl\src\misc\lv_lru.c(314): warning:  #68-D: integer conversion resulted in a change of sign
      uint64_t min_access_count = -1;
..\lvgl\src\misc\lv_lru.c: 2 warnings, 0 errors
compiling lv_math.c...
compiling lv_templ.c...
compiling lv_style.c...
..\lvgl\src\misc\lv_style.c(74): warning:  #188-D: enumerated type mixed with another type
      return act_id;
..\lvgl\src\misc\lv_style.c: 1 warning, 0 errors
compiling lv_printf.c...
compiling lv_mem.c...
..\lvgl\src\misc\lv_mem.c(311): warning:  #111-D: statement is unreachable
      return NULL;
..\lvgl\src\misc\lv_mem.c: 1 warning, 0 errors
compiling lv_style_gen.c...
compiling lv_timer.c...
compiling lv_utils.c...
compiling lv_txt_ap.c...
compiling lv_txt.c...
compiling lv_tlsf.c...
..\lvgl\src\misc\lv_tlsf.c(898): warning:  #68-D: integer conversion resulted in a change of sign
          offset_to_block(pool, -(int)block_header_overhead);
..\lvgl\src\misc\lv_tlsf.c(1000): warning:  #68-D: integer conversion resulted in a change of sign
      block = offset_to_block(mem, -(tlsfptr_t)block_header_overhead);
..\lvgl\src\misc\lv_tlsf.c(1018): warning:  #68-D: integer conversion resulted in a change of sign
      block_header_t * block = offset_to_block(pool, -(int)block_header_overhead);
..\lvgl\src\misc\lv_tlsf.c: 3 warnings, 0 errors
compiling lv_arc.c...
compiling lv_btn.c...
compiling lv_bar.c...
compiling lv_checkbox.c...
compiling lv_canvas.c...
compiling stm32f4xx_hal_pccard.c...
compiling lv_img.c...
compiling lv_btnmatrix.c...
compiling lv_dropdown.c...
compiling lv_line.c...
compiling system_stm32f4xx.c...
compiling stm32f4xx_hal_nand.c...
compiling lv_objx_templ.c...
compiling lv_label.c...
compiling lv_switch.c...
compiling lv_roller.c...
compiling lv_slider.c...
compiling lan8742.c...
compiling lv_table.c...
compiling lv_textarea.c...
compiling stm32f4xx_hal_uart.c...
compiling ipcp.c...
compiling chap_ms.c...
compiling chap-new.c...
compiling demand.c...
compiling auth.c...
compiling lcp.c...
compiling ipv6cp.c...
compiling fsm.c...
compiling eap.c...
compiling chap-md5.c...
compiling eui64.c...
compiling lv_port_disp.c...
..\lvgl\examples\porting\lv_port_disp.c(115): warning:  #1-D: last line of file ends without a newline
  #endif
..\lvgl\examples\porting\lv_port_disp.c: 1 warning, 0 errors
compiling ccp.c...
compiling lwip.c...
compiling ethernetif.c...
compiling bridgeif_fdb.c...
compiling pppos.c...
compiling utils.c...
compiling pppcrypt.c...
compiling multilink.c...
compiling ppp.c...
compiling pppoe.c...
compiling vj.c...
compiling upap.c...
compiling pppol2tp.c...
compiling magic.c...
compiling pppapi.c...
compiling mppe.c...
compiling bridgeif.c...
compiling ethernet.c...
compiling api_msg.c...
compiling zepif.c...
compiling netbuf.c...
compiling api_lib.c...
compiling lowpan6_common.c...
compiling err.c...
compiling sockets.c...
compiling netdb.c...
compiling ecp.c...
compiling if_api.c...
compiling netifapi.c...
compiling lowpan6.c...
compiling lowpan6_ble.c...
compiling tcpip.c...
compiling slipif.c...
compiling def.c...
compiling dns.c...
compiling inet_chksum.c...
compiling altcp_alloc.c...
compiling pbuf.c...
compiling altcp.c...
compiling mem.c...
compiling altcp_tcp.c...
compiling memp.c...
compiling init.c...
compiling ip.c...
compiling raw.c...
compiling stats.c...
compiling netif.c...
compiling sys.c...
compiling udp.c...
compiling dhcp.c...
compiling autoip.c...
compiling tcp_in.c...
compiling tcp_out.c...
compiling etharp.c...
compiling ip4_addr.c...
compiling icmp.c...
compiling timeouts.c...
compiling dhcp6.c...
compiling ip4.c...
compiling igmp.c...
compiling tcp.c...
compiling ip4_frag.c...
compiling ethip6.c...
compiling inet6.c...
compiling ip6_addr.c...
compiling mld6.c...
compiling ip6_frag.c...
compiling icmp6.c...
compiling ip6.c...
compiling mqtt.c...
compiling nd6.c...
linking...
Program Size: Code=274568 RO-data=93568 RW-data=1012 ZI-data=108056  
FromELF: creating hex file...
After Build - User command #1: fromelf --bin --output .\APP_LED\APP_LED.bin .\APP_LED\APP_LED.axf
"APP_LED\APP_LED.axf" - 0 Error(s), 35 Warning(s).

<h2>Software Packages used:</h2>

Package Vendor: ARM
                http://www.keil.com/pack/ARM.CMSIS.5.9.0.pack
                ARM.CMSIS.5.9.0
                CMSIS (Common Microcontroller Software Interface Standard)
   * Component: CORE Version: 5.6.0

Package Vendor: Keil
                https://www.keil.com/pack/Keil.STM32F4xx_DFP.3.1.1.pack
                Keil.STM32F4xx_DFP.3.1.1
                STMicroelectronics STM32F4 Series Device Support

<h2>Collection of Component include folders:</h2>
  ./RTE/_APP_LED
  C:/Users/PC/AppData/Local/Arm/Packs/ARM/CMSIS/5.9.0/CMSIS/Core/Include

<h2>Collection of Component Files used:</h2>

   * Component: ARM::CMSIS:CORE:5.6.0
      Include file:  CMSIS/Core/Include/tz_context.h
Build Time Elapsed:  00:00:55
</pre>
</body>
</html>
