<html>
<body>
<pre>
<h1>�Vision Build Log</h1>
<h2>Tool Versions:</h2>
IDE-Version: ��Vision V5.38.0.0
Copyright (C) 2022 ARM Ltd and ARM Germany GmbH. All rights reserved.
License Information: chengzi PC, asdads, LIC=BUURY-ITZEU-UHB8H-WPVCB-VQY6I-AR059
 
Tool Versions:
Toolchain:       MDK-ARM Plus  Version: 5.38.0.0
Toolchain Path:  C:\Keil_v5\ARM\arm5_compiler\Bin
C Compiler:      Armcc.exe V5.06 update 7 (build 960)
Assembler:       Armasm.exe V5.06 update 7 (build 960)
Linker/Locator:  ArmLink.exe V5.06 update 7 (build 960)
Library Manager: ArmAr.exe V5.06 update 7 (build 960)
Hex Converter:   FromElf.exe V5.06 update 7 (build 960)
CPU DLL:         SARMCM3.DLL V5.38.0.0
Dialog DLL:      DCM.DLL V1.17.5.0
Target DLL:      STLink\ST-LINKIII-KEIL_SWO.dll V3.1.0.0
Dialog DLL:      TCM.DLL V1.56.4.0
 
<h2>Project:</h2>
C:\Users\PC\Desktop\Bootloader\BMS_V1.0.0\BootLoader+APP\LED\LED\MDK-ARM\LED.uvprojx
Project File Date:  06/08/2026

<h2>Output:</h2>
*** Using Compiler 'V5.06 update 7 (build 960)', folder: 'C:\Keil_v5\ARM\arm5_compiler\Bin'
Build target 'LED'
compiling main.c...
../Core/Inc/flash_if.h(14): warning:  #47-D: incompatible redefinition of macro "FLASH_BASE"  (declared at line 906 of "../Drivers/CMSIS/Device/ST/STM32F4xx/Include/stm32f407xx.h")
  #define FLASH_BASE              0x08000000
../Core/Src/main.c: 1 warning, 0 errors
compiling uds.c...
../Core/Inc/flash_if.h(14): warning:  #47-D: incompatible redefinition of macro "FLASH_BASE"  (declared at line 906 of "../Drivers/CMSIS/Device/ST/STM32F4xx/Include/stm32f407xx.h")
  #define FLASH_BASE              0x08000000
..\Core\Src\uds.c(658): warning:  #223-D: function "printf" declared implicitly
          printf("WARN: 签名写入失败!\r\n");
..\Core\Src\uds.c: 2 warnings, 0 errors
compiling flash_if.c...
../Drivers/CMSIS/Device/ST/STM32F4xx/Include/stm32f407xx.h(906): warning:  #47-D: incompatible redefinition of macro "FLASH_BASE"  (declared at line 14 of "../Core/Inc/flash_if.h")
  #define FLASH_BASE            0x08000000UL /*!< FLASH(up to 1 MB) base address in the alias region                         */
..\Core\Src\flash_if.c: 1 warning, 0 errors
linking...
Program Size: Code=13472 RO-data=456 RW-data=120 ZI-data=5520  
FromELF: creating hex file...
"LED\LED.axf" - 0 Error(s), 4 Warning(s).

<h2>Software Packages used:</h2>

Package Vendor: ARM
                http://www.keil.com/pack/ARM.CMSIS.5.9.0.pack
                ARM.CMSIS.5.9.0
                CMSIS (Common Microcontroller Software Interface Standard)
   * Component: CORE Version: 5.6.0

Package Vendor: Keil
                https://www.keil.com/pack/Keil.STM32F4xx_DFP.3.1.1.pack
                Keil.STM32F4xx_DFP.3.1.1
                STMicroelectronics STM32F4 Series Device Support

<h2>Collection of Component include folders:</h2>
  ./RTE/_LED
  C:/Users/PC/AppData/Local/Arm/Packs/ARM/CMSIS/5.9.0/CMSIS/Core/Include

<h2>Collection of Component Files used:</h2>

   * Component: ARM::CMSIS:CORE:5.6.0
      Include file:  CMSIS/Core/Include/tz_context.h
Build Time Elapsed:  00:00:02
</pre>
</body>
</html>
